// Jest Snapshot v1, https://goo.gl/fbAQLP

exports[`should render expenseList from expense 1`] = `
<div>
  <ExpenseListItem
    amount={195}
    createdAt={0}
    description="gum"
    id="1"
    key="1"
    note=""
  />
  <ExpenseListItem
    amount={1095}
    createdAt={-345600000}
    description="Rent"
    id="2"
    key="2"
    note=""
  />
  <ExpenseListItem
    amount={1905}
    createdAt={345600000}
    description="coffe"
    id="3"
    key="3"
    note=""
  />
</div>
`;

exports[`should render nothing for empty expense 1`] = `
<div>
  <p>
    No expenses
  </p>
</div>
`;
