// Jest Snapshot v1, https://goo.gl/fbAQLP

exports[`should render the expense board 1`] = `
<div>
  <Connect(ExpressSummary) />
  <Connect(ExpenseListFilters) />
  <Connect(ExpenseList) />
</div>
`;
