// Jest Snapshot v1, https://goo.gl/fbAQLP

exports[`should render header crrectly 1`] = `
<header>
  <h1>
    Expensify
  </h1>
  <NavLink
    activeClassName="is-active"
    aria-current="page"
    exact={true}
    to="/"
  >
    Go home 
  </NavLink>
  <NavLink
    activeClassName="is-active"
    aria-current="page"
    exact={true}
    to="/create"
  >
    AddexpensePage 
  </NavLink>
  <NavLink
    activeClassName="is-active"
    aria-current="page"
    exact={true}
    to="/help"
  >
    HelpPage 1
  </NavLink>
</header>
`;
